 368 syd_log INFO draft.py-8 乐
